{"synthetic": false,
 "schemaVersion": "2025-09-10",
 "outputs":
 {"o": ["76e701ffb0da0b68.olean"],
  "m": false,
  "i": "7e0cfb54b84fdf96.ilean",
  "c": "032b6b96568f56ab.c"},
 "log":
 [{"message":
   ".> LEAN_PATH=/home/user/stack/soteria/lib/tiny_values/lean/.lake/packages/kanon/lean/.lake/build/lib/lean:/home/user/stack/soteria/lib/tiny_values/lean/.lake/build/lib/lean /root/.elan/toolchains/leanprover--lean4---v4.34.1/bin/lean /home/user/stack/soteria/lib/tiny_values/lean/Tiny/Lib/Bool.lean -o /home/user/stack/soteria/lib/tiny_values/lean/.lake/build/lib/lean/Tiny/Lib/Bool.olean -i /home/user/stack/soteria/lib/tiny_values/lean/.lake/build/lib/lean/Tiny/Lib/Bool.ilean -c /home/user/stack/soteria/lib/tiny_values/lean/.lake/build/ir/Tiny/Lib/Bool.c --setup /home/user/stack/soteria/lib/tiny_values/lean/.lake/build/ir/Tiny/Lib/Bool.setup.json --json",
   "level": "trace"}],
 "inputs":
 [["deps",
   [["kanon_tiny_values/Tiny:extraDep",
     [["@kanon_tiny_values:extraDep", "00000000000006bb"]]],
    ["imports",
     [["KanonCore.BoolMod transitive imports (legacy)", "f7c986a57a4da4cc"],
      ["KanonCore.BoolMod:importAllArts", "d677199e527ded4c"],
      ["Tiny.Lemmas transitive imports (legacy)", "70c000aee390b469"],
      ["Tiny.Lemmas:importAllArts", "9f259776a4ec0371"]]]]],
  ["libs",
   [["import dynlibs", "00000000000006bb"],
    ["package external libraries", "00000000000006bb"],
    ["module dynlibs", "00000000000006bb"],
    ["module plugins", "00000000000006bb"]]],
  ["Lean 4.34.1, commit 5045d0056413266e57c625dcd7c365b10e377c52",
   "e9f3658beb070375"],
  ["/home/user/stack/soteria/lib/tiny_values/lean/Tiny/Lib/Bool.lean",
   "d1975bef8a3d2bb3"],
  ["options", "00000000000006bb"],
  ["isModule: false", "feefd2a0d3a1847e"],
  ["Module.name: Tiny.Lib.Bool", "54e2cfe76897e488"],
  ["Package.id?: (some kanon_tiny_values)", "98fafb6e9813c7bb"],
  ["Module.leanArgs: #[]", "00000000000006bb"]],
 "depHash": "0aa82c8c5f5ad314"}