{"synthetic": false,
 "schemaVersion": "2025-09-10",
 "outputs":
 {"o": ["4f73c411115e15bc.olean"],
  "m": false,
  "i": "509b4f3cd181c77b.ilean",
  "c": "3808fb0be1c9812c.c"},
 "log":
 [{"message":
   ".> LEAN_PATH=/home/user/stack/soteria/lib/tiny_values/lean/.lake/packages/kanon/lean/.lake/build/lib/lean:/home/user/stack/soteria/lib/tiny_values/lean/.lake/build/lib/lean /root/.elan/toolchains/leanprover--lean4---v4.34.1/bin/lean /home/user/stack/soteria/lib/tiny_values/lean/Tiny/Lib/Int.lean -o /home/user/stack/soteria/lib/tiny_values/lean/.lake/build/lib/lean/Tiny/Lib/Int.olean -i /home/user/stack/soteria/lib/tiny_values/lean/.lake/build/lib/lean/Tiny/Lib/Int.ilean -c /home/user/stack/soteria/lib/tiny_values/lean/.lake/build/ir/Tiny/Lib/Int.c --setup /home/user/stack/soteria/lib/tiny_values/lean/.lake/build/ir/Tiny/Lib/Int.setup.json --json",
   "level": "trace"}],
 "inputs":
 [["deps",
   [["kanon_tiny_values/Tiny:extraDep",
     [["@kanon_tiny_values:extraDep", "00000000000006bb"]]],
    ["imports",
     [["Tiny.Lifts transitive imports (legacy)", "24f238376e75cfbd"],
      ["Tiny.Lifts:importAllArts", "0af4a71f79c3db2e"],
      ["Tiny.Lib.Cases transitive imports (legacy)", "4a522cefcd77ba36"],
      ["Tiny.Lib.Cases:importAllArts", "d4bf39d2c68418c9"]]]]],
  ["libs",
   [["import dynlibs", "00000000000006bb"],
    ["package external libraries", "00000000000006bb"],
    ["module dynlibs", "00000000000006bb"],
    ["module plugins", "00000000000006bb"]]],
  ["Lean 4.34.1, commit 5045d0056413266e57c625dcd7c365b10e377c52",
   "e9f3658beb070375"],
  ["/home/user/stack/soteria/lib/tiny_values/lean/Tiny/Lib/Int.lean",
   "b7de6221158ead6c"],
  ["options", "00000000000006bb"],
  ["isModule: false", "feefd2a0d3a1847e"],
  ["Module.name: Tiny.Lib.Int", "c28266a3fb4c1d5a"],
  ["Package.id?: (some kanon_tiny_values)", "98fafb6e9813c7bb"],
  ["Module.leanArgs: #[]", "00000000000006bb"]],
 "depHash": "a894b403817e9d5b"}