{"synthetic": false,
 "schemaVersion": "2025-09-10",
 "outputs":
 {"o": ["c4b9b86dbf0fa6bf.olean"],
  "m": false,
  "i": "dc1c8a088d6de4ba.ilean",
  "c": "520c72d6c1af5248.c"},
 "log":
 [{"message":
   ".> LEAN_PATH=/home/user/stack/soteria/lib/tiny_values/lean/.lake/packages/kanon/lean/.lake/build/lib/lean:/home/user/stack/soteria/lib/tiny_values/lean/.lake/build/lib/lean /root/.elan/toolchains/leanprover--lean4---v4.34.1/bin/lean /home/user/stack/soteria/lib/tiny_values/lean/Tiny/Abstract.lean -o /home/user/stack/soteria/lib/tiny_values/lean/.lake/build/lib/lean/Tiny/Abstract.olean -i /home/user/stack/soteria/lib/tiny_values/lean/.lake/build/lib/lean/Tiny/Abstract.ilean -c /home/user/stack/soteria/lib/tiny_values/lean/.lake/build/ir/Tiny/Abstract.c --setup /home/user/stack/soteria/lib/tiny_values/lean/.lake/build/ir/Tiny/Abstract.setup.json --json",
   "level": "trace"}],
 "inputs":
 [["deps",
   [["kanon_tiny_values/Tiny:extraDep",
     [["@kanon_tiny_values:extraDep", "00000000000006bb"]]],
    ["imports",
     [["Tiny.Types transitive imports (legacy)", "00000000000006bb"],
      ["Tiny.Types:importAllArts", "b49f57ab7c144702"]]]]],
  ["libs",
   [["import dynlibs", "00000000000006bb"],
    ["package external libraries", "00000000000006bb"],
    ["module dynlibs", "00000000000006bb"],
    ["module plugins", "00000000000006bb"]]],
  ["Lean 4.34.1, commit 5045d0056413266e57c625dcd7c365b10e377c52",
   "e9f3658beb070375"],
  ["/home/user/stack/soteria/lib/tiny_values/lean/Tiny/Abstract.lean",
   "f0cff40cc7e61f91"],
  ["options", "00000000000006bb"],
  ["isModule: false", "feefd2a0d3a1847e"],
  ["Module.name: Tiny.Abstract", "addd65452cad016c"],
  ["Package.id?: (some kanon_tiny_values)", "98fafb6e9813c7bb"],
  ["Module.leanArgs: #[]", "00000000000006bb"]],
 "depHash": "42244e089f9b5f78"}