{"synthetic": false,
 "schemaVersion": "2025-09-10",
 "outputs":
 {"o": ["086e1607b77f0eaf.olean"],
  "m": false,
  "i": "1d0b79ec755d36cf.ilean",
  "c": "9c8be06aa08631f2.c"},
 "log":
 [{"message":
   ".> LEAN_PATH=/home/user/stack/soteria/lib/tiny_values/lean/.lake/packages/kanon/lean/.lake/build/lib/lean:/home/user/stack/soteria/lib/tiny_values/lean/.lake/build/lib/lean /root/.elan/toolchains/leanprover--lean4---v4.34.1/bin/lean /home/user/stack/soteria/lib/tiny_values/lean/Tiny/Lemmas.lean -o /home/user/stack/soteria/lib/tiny_values/lean/.lake/build/lib/lean/Tiny/Lemmas.olean -i /home/user/stack/soteria/lib/tiny_values/lean/.lake/build/lib/lean/Tiny/Lemmas.ilean -c /home/user/stack/soteria/lib/tiny_values/lean/.lake/build/ir/Tiny/Lemmas.c --setup /home/user/stack/soteria/lib/tiny_values/lean/.lake/build/ir/Tiny/Lemmas.setup.json --json",
   "level": "trace"}],
 "inputs":
 [["deps",
   [["kanon_tiny_values/Tiny:extraDep",
     [["@kanon_tiny_values:extraDep", "00000000000006bb"]]],
    ["imports",
     [["KanonCore.Proof transitive imports (legacy)", "d834625daeb482d8"],
      ["KanonCore.Proof:importAllArts", "28388dda511db6e4"],
      ["Tiny.Statements transitive imports (legacy)", "dc678653d71ff6e1"],
      ["Tiny.Statements:importAllArts", "9e4aca773bbb3c4d"]]]]],
  ["libs",
   [["import dynlibs", "00000000000006bb"],
    ["package external libraries", "00000000000006bb"],
    ["module dynlibs", "00000000000006bb"],
    ["module plugins", "00000000000006bb"]]],
  ["Lean 4.34.1, commit 5045d0056413266e57c625dcd7c365b10e377c52",
   "e9f3658beb070375"],
  ["/home/user/stack/soteria/lib/tiny_values/lean/Tiny/Lemmas.lean",
   "4b199ef0b4f8a22c"],
  ["options", "00000000000006bb"],
  ["isModule: false", "feefd2a0d3a1847e"],
  ["Module.name: Tiny.Lemmas", "3c9cec5f12f14911"],
  ["Package.id?: (some kanon_tiny_values)", "98fafb6e9813c7bb"],
  ["Module.leanArgs: #[]", "00000000000006bb"]],
 "depHash": "5425fb10f96b67a7"}