{"synthetic": false,
 "schemaVersion": "2025-09-10",
 "outputs":
 {"o": ["90e9d1988ad5adc8.olean"],
  "m": false,
  "i": "a257cc41b1f057d1.ilean",
  "c": "b0cd32343f950f36.c"},
 "log":
 [{"message":
   ".> LEAN_PATH=/home/user/stack/soteria/lib/tiny_values/lean/.lake/packages/kanon/lean/.lake/build/lib/lean:/home/user/stack/soteria/lib/tiny_values/lean/.lake/build/lib/lean /root/.elan/toolchains/leanprover--lean4---v4.34.1/bin/lean /home/user/stack/soteria/lib/tiny_values/lean/Tiny/Proofs.lean -o /home/user/stack/soteria/lib/tiny_values/lean/.lake/build/lib/lean/Tiny/Proofs.olean -i /home/user/stack/soteria/lib/tiny_values/lean/.lake/build/lib/lean/Tiny/Proofs.ilean -c /home/user/stack/soteria/lib/tiny_values/lean/.lake/build/ir/Tiny/Proofs.c --setup /home/user/stack/soteria/lib/tiny_values/lean/.lake/build/ir/Tiny/Proofs.setup.json --json",
   "level": "trace"}],
 "inputs":
 [["deps",
   [["kanon_tiny_values/Tiny:extraDep",
     [["@kanon_tiny_values:extraDep", "00000000000006bb"]]],
    ["imports",
     [["Tiny.Lib.Bool transitive imports (legacy)", "69df3092cc607879"],
      ["Tiny.Lib.Bool:importAllArts", "15c2c7c12a30912e"],
      ["Tiny.Proofs.IntCases transitive imports (legacy)", "c56c9e479ec8806d"],
      ["Tiny.Proofs.IntCases:importAllArts", "59cf0ed0ad8fec50"]]]]],
  ["libs",
   [["import dynlibs", "00000000000006bb"],
    ["package external libraries", "00000000000006bb"],
    ["module dynlibs", "00000000000006bb"],
    ["module plugins", "00000000000006bb"]]],
  ["Lean 4.34.1, commit 5045d0056413266e57c625dcd7c365b10e377c52",
   "e9f3658beb070375"],
  ["/home/user/stack/soteria/lib/tiny_values/lean/Tiny/Proofs.lean",
   "561570a2393fb151"],
  ["options", "00000000000006bb"],
  ["isModule: false", "feefd2a0d3a1847e"],
  ["Module.name: Tiny.Proofs", "3a3fb8151a965a38"],
  ["Package.id?: (some kanon_tiny_values)", "98fafb6e9813c7bb"],
  ["Module.leanArgs: #[]", "00000000000006bb"]],
 "depHash": "06ae1db4e05d3f66"}