{"synthetic": false,
 "schemaVersion": "2025-09-10",
 "outputs":
 {"o": ["1016eff4050a2303.olean"],
  "m": false,
  "i": "20c49269be1f34aa.ilean",
  "c": "19cec684d5bda6e4.c"},
 "log":
 [{"message":
   ".> LEAN_PATH=/home/user/stack/soteria/lib/tiny_values/lean/.lake/packages/kanon/lean/.lake/build/lib/lean:/home/user/stack/soteria/lib/tiny_values/lean/.lake/build/lib/lean /root/.elan/toolchains/leanprover--lean4---v4.34.1/bin/lean /home/user/stack/soteria/lib/tiny_values/lean/Tiny/Semantics.lean -o /home/user/stack/soteria/lib/tiny_values/lean/.lake/build/lib/lean/Tiny/Semantics.olean -i /home/user/stack/soteria/lib/tiny_values/lean/.lake/build/lib/lean/Tiny/Semantics.ilean -c /home/user/stack/soteria/lib/tiny_values/lean/.lake/build/ir/Tiny/Semantics.c --setup /home/user/stack/soteria/lib/tiny_values/lean/.lake/build/ir/Tiny/Semantics.setup.json --json",
   "level": "trace"}],
 "inputs":
 [["deps",
   [["kanon_tiny_values/Tiny:extraDep",
     [["@kanon_tiny_values:extraDep", "00000000000006bb"]]],
    ["imports",
     [["KanonCore.Sem transitive imports (legacy)", "d582668adeba4fbf"],
      ["KanonCore.Sem:importAllArts", "92c48e78121aa64a"],
      ["KanonCore.BoolMod.Val transitive imports (legacy)", "484b8bddba69923c"],
      ["KanonCore.BoolMod.Val:importAllArts", "13a570a52621dcdd"],
      ["Tiny.Model transitive imports (legacy)", "8c66819e1862d026"],
      ["Tiny.Model:importAllArts", "723b80b1dcf32e9b"],
      ["Tiny.Typing transitive imports (legacy)", "4931b023ca651a68"],
      ["Tiny.Typing:importAllArts", "1566cd4d2200ee8f"]]]]],
  ["libs",
   [["import dynlibs", "00000000000006bb"],
    ["package external libraries", "00000000000006bb"],
    ["module dynlibs", "00000000000006bb"],
    ["module plugins", "00000000000006bb"]]],
  ["Lean 4.34.1, commit 5045d0056413266e57c625dcd7c365b10e377c52",
   "e9f3658beb070375"],
  ["/home/user/stack/soteria/lib/tiny_values/lean/Tiny/Semantics.lean",
   "7a3dc5e05b908b6a"],
  ["options", "00000000000006bb"],
  ["isModule: false", "feefd2a0d3a1847e"],
  ["Module.name: Tiny.Semantics", "0c24c5a0b5d8ddaf"],
  ["Package.id?: (some kanon_tiny_values)", "98fafb6e9813c7bb"],
  ["Module.leanArgs: #[]", "00000000000006bb"]],
 "depHash": "1072bdecad58db18"}