{"synthetic": false,
 "schemaVersion": "2025-09-10",
 "outputs":
 {"o": ["9855e80e7e2e1253.olean"],
  "m": false,
  "i": "0aad01a761a7ff92.ilean",
  "c": "66bae239f5bb89b5.c"},
 "log":
 [{"message":
   ".> LEAN_PATH=/home/user/stack/soteria/lib/tiny_values/lean/.lake/packages/kanon/lean/.lake/build/lib/lean:/home/user/stack/soteria/lib/tiny_values/lean/.lake/build/lib/lean /root/.elan/toolchains/leanprover--lean4---v4.34.1/bin/lean /home/user/stack/soteria/lib/tiny_values/lean/Tiny/Typing.lean -o /home/user/stack/soteria/lib/tiny_values/lean/.lake/build/lib/lean/Tiny/Typing.olean -i /home/user/stack/soteria/lib/tiny_values/lean/.lake/build/lib/lean/Tiny/Typing.ilean -c /home/user/stack/soteria/lib/tiny_values/lean/.lake/build/ir/Tiny/Typing.c --setup /home/user/stack/soteria/lib/tiny_values/lean/.lake/build/ir/Tiny/Typing.setup.json --json",
   "level": "trace"}],
 "inputs":
 [["deps",
   [["kanon_tiny_values/Tiny:extraDep",
     [["@kanon_tiny_values:extraDep", "00000000000006bb"]]],
    ["imports",
     [["Tiny.Prims transitive imports (legacy)", "ce2764e945985bcf"],
      ["Tiny.Prims:importAllArts", "52e6df5dc7b6c304"]]]]],
  ["libs",
   [["import dynlibs", "00000000000006bb"],
    ["package external libraries", "00000000000006bb"],
    ["module dynlibs", "00000000000006bb"],
    ["module plugins", "00000000000006bb"]]],
  ["Lean 4.34.1, commit 5045d0056413266e57c625dcd7c365b10e377c52",
   "e9f3658beb070375"],
  ["/home/user/stack/soteria/lib/tiny_values/lean/Tiny/Typing.lean",
   "066622be287f7333"],
  ["options", "00000000000006bb"],
  ["isModule: false", "feefd2a0d3a1847e"],
  ["Module.name: Tiny.Typing", "eceb6b75ba971956"],
  ["Package.id?: (some kanon_tiny_values)", "98fafb6e9813c7bb"],
  ["Module.leanArgs: #[]", "00000000000006bb"]],
 "depHash": "fced602b9d8a1dee"}